../Core/Src/main.c:159:6:max30102_plot	16	static
../Core/Src/main.c:202:6:HAL_UART_RxCpltCallback	16	static
../Core/Src/main.c:235:6:microDelay	16	static
../Core/Src/main.c:241:6:Set_Pin_Output	40	static
../Core/Src/main.c:250:6:Set_Pin_Input	40	static
../Core/Src/main.c:263:9:DS18B20_Start	16	static
../Core/Src/main.c:281:6:DS18B20_Write	24	static
../Core/Src/main.c:313:9:DS18B20_Read	16	static
../Core/Src/main.c:360:5:main	136	static
../Core/Src/main.c:738:6:SystemClock_Config	88	static
../Core/Src/main.c:785:13:MX_I2C1_Init	8	static
../Core/Src/main.c:819:13:MX_I2C2_Init	8	static
../Core/Src/main.c:853:13:MX_I2C3_Init	8	static
../Core/Src/main.c:887:13:MX_SPI1_Init	8	static
../Core/Src/main.c:925:13:MX_TIM2_Init	32	static
../Core/Src/main.c:970:13:MX_TIM5_Init	32	static
../Core/Src/main.c:1015:13:MX_USART1_UART_Init	8	static
../Core/Src/main.c:1048:13:MX_USART2_UART_Init	8	static
../Core/Src/main.c:1081:13:MX_GPIO_Init	48	static
../Core/Src/main.c:1140:6:HAL_GPIO_EXTI_Callback	16	static
../Core/Src/main.c:1184:7:CalcGPSDistance	64	static
../Core/Src/main.c:1201:7:min	16	static
../Core/Src/main.c:1217:6:HAL_TIM_PeriodElapsedCallback	16	static
../Core/Src/main.c:1242:6:Error_Handler	4	static,ignoring_inline_asm
